movieId,title,averageRating
1,"Lord of the Rings, The (1978)",2.5